Reusing configuration cache.
> Task :core:domain:preBuild UP-TO-DATE
> Task :core:domain:preDebugBuild UP-TO-DATE
> Task :core:domain:preDebugUnitTestBuild UP-TO-DATE
> Task :core:domain:preDebugTestFixturesBuild UP-TO-DATE
> Task :core:domain:writeDebugAarMetadata UP-TO-DATE
> Task :core:domain:generateDebugUnitTestResources UP-TO-DATE
> Task :core:domain:javaPreCompileDebugTestFixtures UP-TO-DATE
> Task :core:domain:writeDebugTestFixturesAarMetadata UP-TO-DATE
> Task :core:domain:javaPreCompileDebug UP-TO-DATE
> Task :core:domain:mapDebugSourceSetPaths UP-TO-DATE
> Task :core:domain:generateDebugResources UP-TO-DATE
> Task :core:domain:extractDeepLinksDebug UP-TO-DATE
> Task :core:domain:mapDebugUnitTestSourceSetPaths UP-TO-DATE
> Task :core:domain:generateDebugTestFixturesEmptyResourceFiles UP-TO-DATE
> Task :core:domain:processDebugNavigationResources UP-TO-DATE
> Task :core:domain:processDebugManifest UP-TO-DATE
> Task :core:domain:processDebugTestFixturesManifest UP-TO-DATE
> Task :core:domain:checkDebugUnitTestAarMetadata UP-TO-DATE
> Task :core:domain:processDebugUnitTestManifest UP-TO-DATE
> Task :core:domain:packageDebugResources UP-TO-DATE
> Task :core:domain:compileDebugLibraryResources UP-TO-DATE
> Task :core:domain:parseDebugLocalResources UP-TO-DATE
> Task :core:domain:mergeDebugUnitTestResources UP-TO-DATE
> Task :core:domain:generateDebugRFile UP-TO-DATE
> Task :core:domain:processDebugUnitTestResources UP-TO-DATE

> Task :core:domain:compileDebugKotlin FAILED
e: file:///home/sean/Code/pocket-crew/core/domain/src/main/kotlin/com/browntowndev/pocketcrew/domain/usecase/chat/AnalyzeImageUseCase.kt:58:25 'when' expression must be exhaustive. Add the 'is Artifacts' branch or an 'else' branch.

FAILURE: Build failed with an exception.

* What went wrong:
Execution failed for task ':core:domain:compileDebugKotlin'.
> A failure occurred while executing org.jetbrains.kotlin.compilerRunner.btapi.BuildToolsApiCompilationWork
   > Compilation error. See log for more details

* Try:
> Run with --stacktrace option to get the stack trace.
> Run with --info or --debug option to get more log output.
> Run with --scan to get full insights from a Build Scan (powered by Develocity).
> Get more help at https://help.gradle.org.

BUILD FAILED in 1s
22 actionable tasks: 1 executed, 21 up-to-date
Configuration cache entry reused.
